// Jest Snapshot v1, https://goo.gl/fbAQLP

exports[`should render title 1`] = `
"<p style={{...}}>
  demo text
</p>"
`;
